// Vitest Snapshot v1, https://vitest.dev/guide/snapshot.html

exports[`MCP Server Schema Synchronization > agoric - should have matching schemas for all MCP server tools > agoric-defined-schemas 1`] = `
[
  "fetch-agoric-account-balance",
  "fetch-agoric-transaction-info",
  "fetch-agoric-user-transactions",
  "fetch-available-registered-denoms",
  "fetch-committees-list",
  "fetch-contract-instances",
  "fetch-economic-committee-latest-question",
  "fetch-economic-committee-latest-question-outcome",
  "fetch-fast-usdc-fee-config",
  "fetch-fast-usdc-transaction-info",
  "fetch-generic-endpoint",
  "fetch-vstorage-data",
  "generate-orchestration-workflow",
  "get-network-config",
  "perform-cross-chain-staking",
  "propose-spend-action",
  "set-network",
  "swap-ist-to-usdc",
  "transfer-usdc",
  "web-search",
  "workflow-to-spend-action",
  "workflow-verify",
  "ymax-fetch-aave-v3-balance",
  "ymax-fetch-active-portfolios",
  "ymax-fetch-all-apr-historical-data",
  "ymax-fetch-apy",
  "ymax-fetch-compound-v3-balance",
  "ymax-fetch-noble-claimable-yield",
  "ymax-fetch-noble-exchange-rates",
  "ymax-fetch-noble-holder-position",
  "ymax-fetch-noble-openapi-specs",
  "ymax-fetch-noble-pool-info",
  "ymax-fetch-noble-stableswap-position",
  "ymax-fetch-portfolio-flow-info",
  "ymax-fetch-portfolio-flows-positions",
  "ymax-fetch-portfolio-noble-remote-interchain-account-balance",
  "ymax-fetch-portfolio-position-info",
  "ymax-fetch-smart-wallet-info",
]
`;

exports[`MCP Server Schema Synchronization > agoric - should have matching schemas for all MCP server tools > agoric-server-tools 1`] = `
[
  "fetch-agoric-account-balance",
  "fetch-agoric-transaction-info",
  "fetch-agoric-user-transactions",
  "fetch-available-registered-denoms",
  "fetch-committees-list",
  "fetch-contract-instances",
  "fetch-economic-committee-latest-question",
  "fetch-economic-committee-latest-question-outcome",
  "fetch-fast-usdc-fee-config",
  "fetch-fast-usdc-transaction-info",
  "fetch-generic-endpoint",
  "fetch-vstorage-data",
  "generate-orchestration-workflow",
  "get-network-config",
  "perform-cross-chain-staking",
  "propose-spend-action",
  "set-network",
  "swap-ist-to-usdc",
  "transfer-usdc",
  "web-search",
  "workflow-to-spend-action",
  "workflow-verify",
  "ymax-fetch-aave-v3-balance",
  "ymax-fetch-active-portfolios",
  "ymax-fetch-all-apr-historical-data",
  "ymax-fetch-apy",
  "ymax-fetch-compound-v3-balance",
  "ymax-fetch-noble-claimable-yield",
  "ymax-fetch-noble-exchange-rates",
  "ymax-fetch-noble-holder-position",
  "ymax-fetch-noble-openapi-specs",
  "ymax-fetch-noble-pool-info",
  "ymax-fetch-noble-stableswap-position",
  "ymax-fetch-portfolio-flow-info",
  "ymax-fetch-portfolio-flows-positions",
  "ymax-fetch-portfolio-noble-remote-interchain-account-balance",
  "ymax-fetch-portfolio-position-info",
  "ymax-fetch-smart-wallet-info",
]
`;

exports[`MCP Server Schema Synchronization > devops - should have matching schemas for all MCP server tools > devops-defined-schemas 1`] = `
[
  "check-destination-account-balance-noble",
  "check-destination-account-txs-noble",
  "diagnose-fast-usdc-transaction",
  "diagnose-fast-usdc-transaction-from-srcTxHash-and-srcChainName",
  "fetch-betterstack-incident",
  "fetch-generic-endpoint",
  "fetch-information-from-vstorage",
  "get-network-config",
  "render-webpage",
  "set-network",
]
`;

exports[`MCP Server Schema Synchronization > devops - should have matching schemas for all MCP server tools > devops-server-tools 1`] = `
[
  "check-destination-account-balance-noble",
  "check-destination-account-txs-noble",
  "diagnose-fast-usdc-transaction",
  "diagnose-fast-usdc-transaction-from-srcTxHash-and-srcChainName",
  "fetch-betterstack-incident",
  "fetch-generic-endpoint",
  "fetch-information-from-vstorage",
  "get-network-config",
  "render-webpage",
  "set-network",
]
`;

exports[`MCP Server Schema Synchronization > ymax - should have matching schemas for all MCP server tools > ymax-defined-schemas 1`] = `
[
  "axelar-gmp-search",
  "etherscan-get-balance",
  "etherscan-get-internal-transactions",
  "etherscan-get-normal-transactions",
  "etherscan-get-token-transfers",
  "etherscan-get-tx-by-hash",
  "fetch-information-from-vstorage",
  "fetch-portfolio-addresses",
  "mintscan-get-account",
  "mintscan-get-address-transactions",
  "mintscan-get-network-tx-details",
  "mintscan-search-transactions-by-hash",
  "trace-agoric-funding-ack-step",
  "trace-axelar-gmp-step",
  "trace-cctp-noble-step",
  "trace-complete-cross-chain-flow",
  "trace-final-evm-step",
  "ymax-get-all-instruments",
  "ymax-get-instrument",
  "ymax-get-optimization-candidates",
  "ymax-get-portfolio-by-wallet",
  "ymax-get-portfolio-flow",
  "ymax-get-portfolio-history",
  "ymax-get-portfolio-summary",
  "ymax-portfolio-activity",
]
`;

exports[`MCP Server Schema Synchronization > ymax - should have matching schemas for all MCP server tools > ymax-server-tools 1`] = `
[
  "axelar-gmp-search",
  "etherscan-get-balance",
  "etherscan-get-internal-transactions",
  "etherscan-get-normal-transactions",
  "etherscan-get-token-transfers",
  "etherscan-get-tx-by-hash",
  "fetch-information-from-vstorage",
  "fetch-portfolio-addresses",
  "mintscan-get-account",
  "mintscan-get-address-transactions",
  "mintscan-get-network-tx-details",
  "mintscan-search-transactions-by-hash",
  "trace-agoric-funding-ack-step",
  "trace-axelar-gmp-step",
  "trace-cctp-noble-step",
  "trace-complete-cross-chain-flow",
  "trace-final-evm-step",
  "ymax-get-all-instruments",
  "ymax-get-instrument",
  "ymax-get-optimization-candidates",
  "ymax-get-portfolio-by-wallet",
  "ymax-get-portfolio-flow",
  "ymax-get-portfolio-history",
  "ymax-get-portfolio-summary",
  "ymax-portfolio-activity",
]
`;
